[31m╭─[0m[31m────────────────────[0m[31m [0m[1;31mTraceback [0m[1;2;31m(most recent call last)[0m[31m [0m[31m─────────────────────[0m[31m─╮[0m
[31m│[0m [2m/home/runner/work/island/island/src/island_v2/[0m[1mglobal_trait_campaign.py[0m:634   [31m│[0m
[31m│[0m in run                                                                       [31m│[0m
[31m│[0m                                                                              [31m│[0m
[31m│[0m   [2m631 [0m[2m│   [0msummary = campaign_summary(ledger, config)                         [31m│[0m
[31m│[0m   [2m632 [0m[2m│   [0msummary[[33m"[0m[33mlast_wave[0m[33m"[0m] = wave_summary                                [31m│[0m
[31m│[0m   [2m633 [0m[2m│   [0m(campaign_dir / [33m"[0m[33mcampaign_status.json[0m[33m"[0m).write_text(                [31m│[0m
[31m│[0m [31m❱ [0m634 [2m│   │   [0m[1;4mjson.dumps(summary, ensure_ascii=[0m[1;4;94mFalse[0m[1;4m, indent=[0m[1;4;94m2[0m[1;4m)[0m + [33m"[0m[33m\n[0m[33m"[0m,      [31m│[0m
[31m│[0m   [2m635 [0m[2m│   │   [0mencoding=[33m"[0m[33mutf-8[0m[33m"[0m,                                              [31m│[0m
[31m│[0m   [2m636 [0m[2m│   [0m)                                                                  [31m│[0m
[31m│[0m   [2m637 [0m[2m│   [0mtyper.echo(                                                        [31m│[0m
[31m│[0m                                                                              [31m│[0m
[31m│[0m [2m/opt/hostedtoolcache/Python/3.11.15/x64/lib/python3.11/json/[0m[1m__init__.py[0m:238  [31m│[0m
[31m│[0m in dumps                                                                     [31m│[0m
[31m│[0m                                                                              [31m│[0m
[31m│[0m   [2m235 [0m[2m│   │   [0mskipkeys=skipkeys, ensure_ascii=ensure_ascii,                  [31m│[0m
[31m│[0m   [2m236 [0m[2m│   │   [0mcheck_circular=check_circular, allow_nan=allow_nan,            [31m│[0m
[31m│[0m       indent=indent,                                                         [31m│[0m
[31m│[0m   [2m237 [0m[2m│   │   [0mseparators=separators, default=default, sort_keys=sort_keys,   [31m│[0m
[31m│[0m [31m❱ [0m238 [2m│   │   [0m**kw).[1;4mencode(obj)[0m                                              [31m│[0m
[31m│[0m   [2m239 [0m                                                                       [31m│[0m
[31m│[0m   [2m240 [0m                                                                       [31m│[0m
[31m│[0m   [2m241 [0m_default_decoder = JSONDecoder(object_hook=[94mNone[0m,                       [31m│[0m
[31m│[0m       object_pairs_hook=[94mNone[0m)                                                [31m│[0m
[31m│[0m                                                                              [31m│[0m
[31m│[0m [2m/opt/hostedtoolcache/Python/3.11.15/x64/lib/python3.11/json/[0m[1mencoder.py[0m:202   [31m│[0m
[31m│[0m in encode                                                                    [31m│[0m
[31m│[0m                                                                              [31m│[0m
[31m│[0m   [2m199 [0m[2m│   │   [0m[2m# equivalent to the PySequence_Fast that ''.join() would do.[0m   [31m│[0m
[31m│[0m   [2m200 [0m[2m│   │   [0mchunks = [96mself[0m.iterencode(o, _one_shot=[94mTrue[0m)                    [31m│[0m
[31m│[0m   [2m201 [0m[2m│   │   [0m[94mif[0m [95mnot[0m [96misinstance[0m(chunks, ([96mlist[0m, [96mtuple[0m)):                      [31m│[0m
[31m│[0m [31m❱ [0m202 [2m│   │   │   [0mchunks = [1;4;96mlist[0m[1;4m(chunks)[0m                                      [31m│[0m
[31m│[0m   [2m203 [0m[2m│   │   [0m[94mreturn[0m [33m'[0m[33m'[0m.join(chunks)                                         [31m│[0m
[31m│[0m   [2m204 [0m[2m│   [0m                                                                   [31m│[0m
[31m│[0m   [2m205 [0m[2m│   [0m[94mdef[0m[90m [0m[92miterencode[0m([96mself[0m, o, _one_shot=[94mFalse[0m):                          [31m│[0m
[31m│[0m                                                                              [31m│[0m
[31m│[0m [2m/opt/hostedtoolcache/Python/3.11.15/x64/lib/python3.11/json/[0m[1mencoder.py[0m:432   [31m│[0m
[31m│[0m in _iterencode                                                               [31m│[0m
[31m│[0m                                                                              [31m│[0m
[31m│[0m   [2m429 [0m[2m│   │   [0m[94melif[0m [96misinstance[0m(o, ([96mlist[0m, [96mtuple[0m)):                             [31m│[0m
[31m│[0m   [2m430 [0m[2m│   │   │   [0m[94myield from[0m _iterencode_list(o, _current_indent_level)      [31m│[0m
[31m│[0m   [2m431 [0m[2m│   │   [0m[94melif[0m [96misinstance[0m(o, [96mdict[0m):                                      [31m│[0m
[31m│[0m [31m❱ [0m432 [2m│   │   │   [0m[1;4;94myield from[0m[1;4m _iterencode_dict(o, _current_indent_level)[0m      [31m│[0m
[31m│[0m   [2m433 [0m[2m│   │   [0m[94melse[0m:                                                          [31m│[0m
[31m│[0m   [2m434 [0m[2m│   │   │   [0m[94mif[0m markers [95mis[0m [95mnot[0m [94mNone[0m:                                    [31m│[0m
[31m│[0m   [2m435 [0m[2m│   │   │   │   [0mmarkerid = [96mid[0m(o)                                       [31m│[0m
[31m│[0m                                                                              [31m│[0m
[31m│[0m [2m/opt/hostedtoolcache/Python/3.11.15/x64/lib/python3.11/json/[0m[1mencoder.py[0m:406   [31m│[0m
[31m│[0m in _iterencode_dict                                                          [31m│[0m
[31m│[0m                                                                              [31m│[0m
[31m│[0m   [2m403 [0m[2m│   │   │   │   │   [0mchunks = _iterencode_dict(value,                   [31m│[0m
[31m│[0m       _current_indent_level)                                                 [31m│[0m
[31m│[0m   [2m404 [0m[2m│   │   │   │   [0m[94melse[0m:                                                  [31m│[0m
[31m│[0m   [2m405 [0m[2m│   │   │   │   │   [0mchunks = _iterencode(value, _current_indent_level) [31m│[0m
[31m│[0m [31m❱ [0m406 [2m│   │   │   │   [0m[1;4;94myield from[0m[1;4m chunks[0m                                      [31m│[0m
[31m│[0m   [2m407 [0m[2m│   │   [0m[94mif[0m newline_indent [95mis[0m [95mnot[0m [94mNone[0m:                                 [31m│[0m
[31m│[0m   [2m408 [0m[2m│   │   │   [0m_current_indent_level -= [94m1[0m                                 [31m│[0m
[31m│[0m   [2m409 [0m[2m│   │   │   [0m[94myield[0m [33m'[0m[33m\n[0m[33m'[0m + _indent * _current_indent_level               [31m│[0m
[31m│[0m                                                                              [31m│[0m
[31m│[0m [2m/opt/hostedtoolcache/Python/3.11.15/x64/lib/python3.11/json/[0m[1mencoder.py[0m:406   [31m│[0m
[31m│[0m in _iterencode_dict                                                          [31m│[0m
[31m│[0m                                                                              [31m│[0m
[31m│[0m   [2m403 [0m[2m│   │   │   │   │   [0mchunks = _iterencode_dict(value,                   [31m│[0m
[31m│[0m       _current_indent_level)                                                 [31m│[0m
[31m│[0m   [2m404 [0m[2m│   │   │   │   [0m[94melse[0m:                                                  [31m│[0m
[31m│[0m   [2m405 [0m[2m│   │   │   │   │   [0mchunks = _iterencode(value, _current_indent_level) [31m│[0m
[31m│[0m [31m❱ [0m406 [2m│   │   │   │   [0m[1;4;94myield from[0m[1;4m chunks[0m                                      [31m│[0m
[31m│[0m   [2m407 [0m[2m│   │   [0m[94mif[0m newline_indent [95mis[0m [95mnot[0m [94mNone[0m:                                 [31m│[0m
[31m│[0m   [2m408 [0m[2m│   │   │   [0m_current_indent_level -= [94m1[0m                                 [31m│[0m
[31m│[0m   [2m409 [0m[2m│   │   │   [0m[94myield[0m [33m'[0m[33m\n[0m[33m'[0m + _indent * _current_indent_level               [31m│[0m
[31m│[0m                                                                              [31m│[0m
[31m│[0m [2m/opt/hostedtoolcache/Python/3.11.15/x64/lib/python3.11/json/[0m[1mencoder.py[0m:406   [31m│[0m
[31m│[0m in _iterencode_dict                                                          [31m│[0m
[31m│[0m                                                                              [31m│[0m
[31m│[0m   [2m403 [0m[2m│   │   │   │   │   [0mchunks = _iterencode_dict(value,                   [31m│[0m
[31m│[0m       _current_indent_level)                                                 [31m│[0m
[31m│[0m   [2m404 [0m[2m│   │   │   │   [0m[94melse[0m:                                                  [31m│[0m
[31m│[0m   [2m405 [0m[2m│   │   │   │   │   [0mchunks = _iterencode(value, _current_indent_level) [31m│[0m
[31m│[0m [31m❱ [0m406 [2m│   │   │   │   [0m[1;4;94myield from[0m[1;4m chunks[0m                                      [31m│[0m
[31m│[0m   [2m407 [0m[2m│   │   [0m[94mif[0m newline_indent [95mis[0m [95mnot[0m [94mNone[0m:                                 [31m│[0m
[31m│[0m   [2m408 [0m[2m│   │   │   [0m_current_indent_level -= [94m1[0m                                 [31m│[0m
[31m│[0m   [2m409 [0m[2m│   │   │   [0m[94myield[0m [33m'[0m[33m\n[0m[33m'[0m + _indent * _current_indent_level               [31m│[0m
[31m│[0m                                                                              [31m│[0m
[31m│[0m [2m/opt/hostedtoolcache/Python/3.11.15/x64/lib/python3.11/json/[0m[1mencoder.py[0m:439   [31m│[0m
[31m│[0m in _iterencode                                                               [31m│[0m
[31m│[0m                                                                              [31m│[0m
[31m│[0m   [2m436 [0m[2m│   │   │   │   [0m[94mif[0m markerid [95min[0m markers:                                [31m│[0m
[31m│[0m   [2m437 [0m[2m│   │   │   │   │   [0m[94mraise[0m [96mValueError[0m([33m"[0m[33mCircular reference detected[0m[33m"[0m)    [31m│[0m
[31m│[0m   [2m438 [0m[2m│   │   │   │   [0mmarkers[markerid] = o                                  [31m│[0m
[31m│[0m [31m❱ [0m439 [2m│   │   │   [0mo = [1;4m_default(o)[0m                                            [31m│[0m
[31m│[0m   [2m440 [0m[2m│   │   │   [0m[94myield from[0m _iterencode(o, _current_indent_level)           [31m│[0m
[31m│[0m   [2m441 [0m[2m│   │   │   [0m[94mif[0m markers [95mis[0m [95mnot[0m [94mNone[0m:                                    [31m│[0m
[31m│[0m   [2m442 [0m[2m│   │   │   │   [0m[94mdel[0m markers[markerid]                                  [31m│[0m
[31m│[0m                                                                              [31m│[0m
[31m│[0m [2m/opt/hostedtoolcache/Python/3.11.15/x64/lib/python3.11/json/[0m[1mencoder.py[0m:180   [31m│[0m
[31m│[0m in default                                                                   [31m│[0m
[31m│[0m                                                                              [31m│[0m
[31m│[0m   [2m177 [0m[2;33m│   │   │   │   [0m[33mreturn super().default(o)[0m                              [31m│[0m
[31m│[0m   [2m178 [0m[2m│   │   [0m                                                               [31m│[0m
[31m│[0m   [2m179 [0m[2;33m│   │   [0m[33m"""[0m                                                            [31m│[0m
[31m│[0m [31m❱ [0m180 [2m│   │   [0m[1;4;94mraise[0m[1;4m [0m[1;4;96mTypeError[0m[1;4m([0m[1;4;33mf[0m[1;4;33m'[0m[1;4;33mObject of type [0m[1;4;33m{[0m[1;4mo.[0m[1;4;91m__class__[0m[1;4m.[0m[1;4;91m__name__[0m[1;4;33m}[0m[1;4;33m [0m[1;4;33m'[0m      [31m│[0m
[31m│[0m   [2m181 [0m[2m│   │   │   │   │   │   [0m[1;4;33mf[0m[1;4;33m'[0m[1;4;33mis not JSON serializable[0m[1;4;33m'[0m[1;4m)[0m                   [31m│[0m
[31m│[0m   [2m182 [0m[2m│   [0m                                                                   [31m│[0m
[31m│[0m   [2m183 [0m[2m│   [0m[94mdef[0m[90m [0m[92mencode[0m([96mself[0m, o):                                               [31m│[0m
[31m╰──────────────────────────────────────────────────────────────────────────────╯[0m
[1;91mTypeError: [0mObject of type bool is not JSON serializable
